******************************************************************************
                  TI ARM Linker PC v18.1.1                     
******************************************************************************
>> Linked Tue Jul 10 09:41:53 2018

OUTPUT FILE NAME:   <empty_MSP_EXP432P401R_nortos_ccs.out>
ENTRY POINT SYMBOL: "_c_int00_noargs"  address: 000003b1


MEMORY CONFIGURATION

         name            origin    length      used     unused   attr    fill
----------------------  --------  ---------  --------  --------  ----  --------
  MAIN                  00000000   00040000  000004be  0003fb42  R  X
  INFO                  00200000   00004000  00000000  00004000  R  X
  SRAM_CODE             01000000   00010000  00000269  0000fd97  RW X
  SRAM_DATA             20000000   00010000  00000269  0000fd97  RW  


SEGMENT ALLOCATION MAP

run origin  load origin   length   init length attrs members
----------  ----------- ---------- ----------- ----- -------
00000000    00000000    000004c0   000004c0    r-x
  00000000    00000000    000000e4   000000e4    r-- .intvecs
  000000e4    000000e4    00000386   00000386    r-x .text
  0000046c    0000046c    00000024   00000024    r-- .const
  00000490    00000490    00000030   00000030    r-- .cinit
20000000    20000000    00000069   00000000    rw-
  20000000    20000000    00000064   00000000    rw- .bss
  20000064    20000064    00000005   00000000    rw- .data
2000fe00    2000fe00    00000200   00000000    rw-
  2000fe00    2000fe00    00000200   00000000    rw- .stack


SECTION ALLOCATION MAP

 output                                  attributes/
section   page    origin      length       input sections
--------  ----  ----------  ----------   ----------------
.intvecs   0    00000000    000000e4     
                  00000000    000000e4     startup_msp432p401r_ccs.obj (.intvecs:retain)

.text      0    000000e4    00000386     
                  000000e4    0000009c     rtsv7M4_T_le_v4SPD16_eabi.lib : memcpy_t2.asm.obj (.text)
                  00000180    00000078     system_msp432p401r.obj (.text:SystemInit)
                  000001f8    00000078     main.obj (.text:UART_A2_Init)
                  00000270    00000068     rtsv7M4_T_le_v4SPD16_eabi.lib : copy_decompress_lzss.c.obj (.text:decompress:lzss:__TI_decompress_lzss)
                  000002d8    00000054     main.obj (.text:EUSCIA2_IRQHandler)
                  0000032c    00000044     rtsv7M4_T_le_v4SPD16_eabi.lib : autoinit.c.obj (.text:__TI_auto_init_nobinit_nopinit:__TI_auto_init_nobinit_nopinit)
                  00000370    00000040     main.obj (.text:uart_puts)
                  000003b0    00000038     rtsv7M4_T_le_v4SPD16_eabi.lib : boot_cortex_m.c.obj (.text:_c_int00_noargs:_c_int00_noargs)
                  000003e8    00000028     main.obj (.text:main)
                  00000410    00000024     msp432p4xx_driverlib.lib : cs_MSP432P4XX.obj (.text:CS_setDCOCenteredFrequency)
                  00000434    00000012     rtsv7M4_T_le_v4SPD16_eabi.lib : copy_zero_init.c.obj (.text:decompress:ZI:__TI_zero_init_nomemset:__TI_zero_init_nomemset)
                  00000446    0000000e                                   : copy_decompress_none.c.obj (.text:decompress:none:__TI_decompress_none)
                  00000454    0000000c     startup_msp432p401r_ccs.obj (.text:Reset_Handler)
                  00000460    00000004     rtsv7M4_T_le_v4SPD16_eabi.lib : pre_init.c.obj (.text:_system_pre_init)
                  00000464    00000004                                   : exit.c.obj (.text:abort:abort)
                  00000468    00000002     startup_msp432p401r_ccs.obj (.text:Default_Handler)

.const     0    0000046c    00000024     
                  0000046c    00000024     main.obj (.const:uartConfig)

.cinit     0    00000490    00000030     
                  00000490    0000000c     (__TI_handler_table)
                  0000049c    00000004     --HOLE-- [fill = 0]
                  000004a0    00000008     (.cinit..bss.load) [load image, compression = zero_init]
                  000004a8    00000007     (.cinit..data.load) [load image, compression = lzss]
                  000004af    00000001     --HOLE-- [fill = 0]
                  000004b0    00000010     (__TI_cinit_table)

.init_array 
*          0    00000000    00000000     UNINITIALIZED

.binit     0    00000000    00000000     

.bss       0    20000000    00000064     UNINITIALIZED
                  20000000    00000064     (.common:RXBuffer)

.data      0    20000064    00000005     UNINITIALIZED
                  20000064    00000005     main.obj (.data)

.stack     0    2000fe00    00000200     UNINITIALIZED
                  2000fe00    00000004     rtsv7M4_T_le_v4SPD16_eabi.lib : boot_cortex_m.c.obj (.stack)
                  2000fe04    000001fc     --HOLE--

MODULE SUMMARY

       Module                        code   ro data   rw data
       ------                        ----   -------   -------
    .\
       main.obj                      308    36        210    
       system_msp432p401r.obj        120    0         0      
    +--+-----------------------------+------+---------+---------+
       Total:                        428    36        210    
                                                             
    .\ccs\
       startup_msp432p401r_ccs.obj   14     228       0      
    +--+-----------------------------+------+---------+---------+
       Total:                        14     228       0      
                                                             
    C:/ti/simplelink_msp432p4_sdk_2_10_00_14/source/ti/devices/msp432p4xx/driverlib/ccs/msp432p4xx_driverlib.lib
       cs_MSP432P4XX.obj             36     0         0      
    +--+-----------------------------+------+---------+---------+
       Total:                        36     0         0      
                                                             
    C:\ti\ccsv8\tools\compiler\ti-cgt-arm_18.1.1.LTS\lib\rtsv7M4_T_le_v4SPD16_eabi.lib
       memcpy_t2.asm.obj             156    0         0      
       copy_decompress_lzss.c.obj    104    0         0      
       autoinit.c.obj                68     0         0      
       boot_cortex_m.c.obj           56     0         0      
       copy_zero_init.c.obj          18     0         0      
       copy_decompress_none.c.obj    14     0         0      
       exit.c.obj                    4      0         0      
       pre_init.c.obj                4      0         0      
    +--+-----------------------------+------+---------+---------+
       Total:                        424    0         0      
                                                             
       Stack:                        0      0         1024   
       Linker Generated:             0      43        0      
    +--+-----------------------------+------+---------+---------+
       Grand Total:                  902    307       1234   


LINKER GENERATED COPY TABLES

__TI_cinit_table @ 000004b0 records: 2, size/record: 8, table size: 16
	.bss: load addr=000004a0, load size=00000008 bytes, run addr=20000000, run size=00000064 bytes, compression=zero_init
	.data: load addr=000004a8, load size=00000007 bytes, run addr=20000064, run size=00000005 bytes, compression=lzss


LINKER GENERATED HANDLER TABLE

__TI_handler_table @ 00000490 records: 3, size/record: 4, table size: 12
	index: 0, handler: __TI_decompress_lzss
	index: 1, handler: __TI_decompress_none
	index: 2, handler: __TI_zero_init


GLOBAL SYMBOLS: SORTED ALPHABETICALLY BY Name 

address   name                          
-------   ----                          
00000469  ADC14_IRQHandler              
00000469  AES256_IRQHandler             
20000068  AT_Error                      
00000469  BusFault_Handler              
00000465  C$$EXIT                       
00000469  COMP_E0_IRQHandler            
00000469  COMP_E1_IRQHandler            
00000469  CS_IRQHandler                 
00000411  CS_setDCOCenteredFrequency    
00000469  DMA_ERR_IRQHandler            
00000469  DMA_INT0_IRQHandler           
00000469  DMA_INT1_IRQHandler           
00000469  DMA_INT2_IRQHandler           
00000469  DMA_INT3_IRQHandler           
00000469  DebugMon_Handler              
00000469  Default_Handler               
00000469  EUSCIA0_IRQHandler            
00000469  EUSCIA1_IRQHandler            
000002d9  EUSCIA2_IRQHandler            
000002d9  EUSCIA2_IRQHandler            
00000469  EUSCIA3_IRQHandler            
00000469  EUSCIB0_IRQHandler            
00000469  EUSCIB1_IRQHandler            
00000469  EUSCIB2_IRQHandler            
00000469  EUSCIB3_IRQHandler            
00000469  FLCTL_IRQHandler              
00000469  FPU_IRQHandler                
00000469  HardFault_Handler             
00000469  MemManage_Handler             
00000469  NMI_Handler                   
00000469  PCM_IRQHandler                
00000469  PORT1_IRQHandler              
00000469  PORT2_IRQHandler              
00000469  PORT3_IRQHandler              
00000469  PORT4_IRQHandler              
00000469  PORT5_IRQHandler              
00000469  PORT6_IRQHandler              
00000469  PSS_IRQHandler                
00000469  PendSV_Handler                
00000469  RTC_C_IRQHandler              
20000000  RXBuffer                      
20000067  Receive_done                  
00000455  Reset_Handler                 
00000469  SVC_Handler                   
00000469  SysTick_Handler               
00000181  SystemInit                    
00000469  T32_INT1_IRQHandler           
00000469  T32_INT2_IRQHandler           
00000469  T32_INTC_IRQHandler           
00000469  TA0_0_IRQHandler              
00000469  TA0_N_IRQHandler              
00000469  TA1_0_IRQHandler              
00000469  TA1_N_IRQHandler              
00000469  TA2_0_IRQHandler              
00000469  TA2_N_IRQHandler              
00000469  TA3_0_IRQHandler              
00000469  TA3_N_IRQHandler              
000001f9  UART_A2_Init                  
00000469  UsageFault_Handler            
4000480c  WDTCTL_SYM                    
00000469  WDT_A_IRQHandler              
20010000  __STACK_END                   
00000200  __STACK_SIZE                  
000004b0  __TI_CINIT_Base               
000004c0  __TI_CINIT_Limit              
00000490  __TI_Handler_Table_Base       
0000049c  __TI_Handler_Table_Limit      
0000032d  __TI_auto_init_nobinit_nopinit
00000271  __TI_decompress_lzss          
00000447  __TI_decompress_none          
ffffffff  __TI_pprof_out_hndl           
ffffffff  __TI_prof_data_size           
ffffffff  __TI_prof_data_start          
00000000  __TI_static_base__            
00000435  __TI_zero_init_nomemset       
000000e5  __aeabi_memcpy                
000000e5  __aeabi_memcpy4               
000000e5  __aeabi_memcpy8               
ffffffff  __binit__                     
ffffffff  __c_args__                    
UNDEFED   __mpu_init                    
2000fe00  __stack                       
000003b1  _c_int00_noargs               
UNDEFED   _system_post_cinit            
00000461  _system_pre_init              
00000465  abort                         
ffffffff  binit                         
20000064  i                             
00000000  interruptVectors              
000003e9  main                          
000000e5  memcpy                        
0000046c  uartConfig                    
00000371  uart_puts                     
20000065  x                             
20000066  y                             


GLOBAL SYMBOLS: SORTED BY Symbol Address 

address   name                          
-------   ----                          
00000000  __TI_static_base__            
00000000  interruptVectors              
000000e5  __aeabi_memcpy                
000000e5  __aeabi_memcpy4               
000000e5  __aeabi_memcpy8               
000000e5  memcpy                        
00000181  SystemInit                    
000001f9  UART_A2_Init                  
00000200  __STACK_SIZE                  
00000271  __TI_decompress_lzss          
000002d9  EUSCIA2_IRQHandler            
000002d9  EUSCIA2_IRQHandler            
0000032d  __TI_auto_init_nobinit_nopinit
00000371  uart_puts                     
000003b1  _c_int00_noargs               
000003e9  main                          
00000411  CS_setDCOCenteredFrequency    
00000435  __TI_zero_init_nomemset       
00000447  __TI_decompress_none          
00000455  Reset_Handler                 
00000461  _system_pre_init              
00000465  C$$EXIT                       
00000465  abort                         
00000469  ADC14_IRQHandler              
00000469  AES256_IRQHandler             
00000469  BusFault_Handler              
00000469  COMP_E0_IRQHandler            
00000469  COMP_E1_IRQHandler            
00000469  CS_IRQHandler                 
00000469  DMA_ERR_IRQHandler            
00000469  DMA_INT0_IRQHandler           
00000469  DMA_INT1_IRQHandler           
00000469  DMA_INT2_IRQHandler           
00000469  DMA_INT3_IRQHandler           
00000469  DebugMon_Handler              
00000469  Default_Handler               
00000469  EUSCIA0_IRQHandler            
00000469  EUSCIA1_IRQHandler            
00000469  EUSCIA3_IRQHandler            
00000469  EUSCIB0_IRQHandler            
00000469  EUSCIB1_IRQHandler            
00000469  EUSCIB2_IRQHandler            
00000469  EUSCIB3_IRQHandler            
00000469  FLCTL_IRQHandler              
00000469  FPU_IRQHandler                
00000469  HardFault_Handler             
00000469  MemManage_Handler             
00000469  NMI_Handler                   
00000469  PCM_IRQHandler                
00000469  PORT1_IRQHandler              
00000469  PORT2_IRQHandler              
00000469  PORT3_IRQHandler              
00000469  PORT4_IRQHandler              
00000469  PORT5_IRQHandler              
00000469  PORT6_IRQHandler              
00000469  PSS_IRQHandler                
00000469  PendSV_Handler                
00000469  RTC_C_IRQHandler              
00000469  SVC_Handler                   
00000469  SysTick_Handler               
00000469  T32_INT1_IRQHandler           
00000469  T32_INT2_IRQHandler           
00000469  T32_INTC_IRQHandler           
00000469  TA0_0_IRQHandler              
00000469  TA0_N_IRQHandler              
00000469  TA1_0_IRQHandler              
00000469  TA1_N_IRQHandler              
00000469  TA2_0_IRQHandler              
00000469  TA2_N_IRQHandler              
00000469  TA3_0_IRQHandler              
00000469  TA3_N_IRQHandler              
00000469  UsageFault_Handler            
00000469  WDT_A_IRQHandler              
0000046c  uartConfig                    
00000490  __TI_Handler_Table_Base       
0000049c  __TI_Handler_Table_Limit      
000004b0  __TI_CINIT_Base               
000004c0  __TI_CINIT_Limit              
20000000  RXBuffer                      
20000064  i                             
20000065  x                             
20000066  y                             
20000067  Receive_done                  
20000068  AT_Error                      
2000fe00  __stack                       
20010000  __STACK_END                   
4000480c  WDTCTL_SYM                    
ffffffff  __TI_pprof_out_hndl           
ffffffff  __TI_prof_data_size           
ffffffff  __TI_prof_data_start          
ffffffff  __binit__                     
ffffffff  __c_args__                    
ffffffff  binit                         
UNDEFED   __mpu_init                    
UNDEFED   _system_post_cinit            

[95 symbols]
