******************************************************************************
                  TI ARM Linker PC v18.1.1                     
******************************************************************************
>> Linked Tue Jul 10 09:46:55 2018

OUTPUT FILE NAME:   <Stroommeting_interface_test.out>
ENTRY POINT SYMBOL: "_c_int00_noargs"  address: 000003bd


MEMORY CONFIGURATION

         name            origin    length      used     unused   attr    fill
----------------------  --------  ---------  --------  --------  ----  --------
  MAIN                  00000000   00040000  00000450  0003fbb0  R  X
  INFO                  00200000   00004000  00000000  00004000  R  X
  SRAM_CODE             01000000   00010000  000005ff  0000fa01  RW X
  SRAM_DATA             20000000   00010000  000005ff  0000fa01  RW  


SEGMENT ALLOCATION MAP

run origin  load origin   length   init length attrs members
----------  ----------- ---------- ----------- ----- -------
00000000    00000000    00000454   00000454    r-x
  00000000    00000000    000000e4   000000e4    r-- .intvecs
  000000e4    000000e4    00000330   00000330    r-x .text
  00000414    00000414    00000028   00000028    r-- .const
  00000440    00000440    00000014   00000014    r-- .cinit
20000000    20000000    000003ff   00000000    rw-
  20000000    20000000    000003ff   00000000    rw- .bss
2000fe00    2000fe00    00000200   00000000    rw-
  2000fe00    2000fe00    00000200   00000000    rw- .stack


SECTION ALLOCATION MAP

 output                                  attributes/
section   page    origin      length       input sections
--------  ----  ----------  ----------   ----------------
.intvecs   0    00000000    000000e4     
                  00000000    000000e4     startup_msp432p401r_ccs.obj (.intvecs:retain)

.text      0    000000e4    00000330     
                  000000e4    0000012c     main.obj (.text:main)
                  00000210    0000007a     rtsv7M4_T_le_v4SPD16_eabi.lib : memset_t2.asm.obj (.text)
                  0000028a    00000002     startup_msp432p401r_ccs.obj (.text:Default_Handler)
                  0000028c    00000078     system_msp432p401r.obj (.text:SystemInit)
                  00000304    00000074     main.obj (.text:ADC14_IRQHandler)
                  00000378    00000044     rtsv7M4_T_le_v4SPD16_eabi.lib : autoinit.c.obj (.text:__TI_auto_init_nobinit_nopinit:__TI_auto_init_nobinit_nopinit)
                  000003bc    00000038                                   : boot_cortex_m.c.obj (.text:_c_int00_noargs:_c_int00_noargs)
                  000003f4    0000000c     startup_msp432p401r_ccs.obj (.text:Reset_Handler)
                  00000400    0000000c     rtsv7M4_T_le_v4SPD16_eabi.lib : copy_zero_init.c.obj (.text:decompress:ZI:__TI_zero_init)
                  0000040c    00000004                                   : pre_init.c.obj (.text:_system_pre_init)
                  00000410    00000004                                   : exit.c.obj (.text:abort:abort)

.const     0    00000414    00000028     
                  00000414    00000018     main.obj (.const:upModeConfig)
                  0000042c    00000010     main.obj (.const:compareConfig)

.cinit     0    00000440    00000014     
                  00000440    00000008     (.cinit..bss.load) [load image, compression = zero_init]
                  00000448    00000004     (__TI_handler_table)
                  0000044c    00000008     (__TI_cinit_table)

.init_array 
*          0    00000000    00000000     UNINITIALIZED

.binit     0    00000000    00000000     

.bss       0    20000000    000003ff     UNINITIALIZED
                  20000000    000003fc     main.obj (.bss:resultsBuffer)
                  200003fc    00000002     main.obj (.bss)
                  200003fe    00000001     (.common:ADC_val_true)

.stack     0    2000fe00    00000200     UNINITIALIZED
                  2000fe00    00000004     rtsv7M4_T_le_v4SPD16_eabi.lib : boot_cortex_m.c.obj (.stack)
                  2000fe04    000001fc     --HOLE--

MODULE SUMMARY

       Module                        code   ro data   rw data
       ------                        ----   -------   -------
    .\
       main.obj                      416    40        2046   
       system_msp432p401r.obj        120    0         0      
    +--+-----------------------------+------+---------+---------+
       Total:                        536    40        2046   
                                                             
    .\ccs\
       startup_msp432p401r_ccs.obj   14     228       0      
    +--+-----------------------------+------+---------+---------+
       Total:                        14     228       0      
                                                             
    C:\ti\ccsv8\tools\compiler\ti-cgt-arm_18.1.1.LTS\lib\rtsv7M4_T_le_v4SPD16_eabi.lib
       memset_t2.asm.obj             122    0         0      
       autoinit.c.obj                68     0         0      
       boot_cortex_m.c.obj           56     0         0      
       copy_zero_init.c.obj          12     0         0      
       exit.c.obj                    4      0         0      
       pre_init.c.obj                4      0         0      
    +--+-----------------------------+------+---------+---------+
       Total:                        266    0         0      
                                                             
       Stack:                        0      0         1024   
       Linker Generated:             0      20        0      
    +--+-----------------------------+------+---------+---------+
       Grand Total:                  816    288       3070   


LINKER GENERATED COPY TABLES

__TI_cinit_table @ 0000044c records: 1, size/record: 8, table size: 8
	.bss: load addr=00000440, load size=00000008 bytes, run addr=20000000, run size=000003ff bytes, compression=zero_init


LINKER GENERATED HANDLER TABLE

__TI_handler_table @ 00000448 records: 1, size/record: 4, table size: 4
	index: 0, handler: __TI_zero_init


GLOBAL SYMBOLS: SORTED ALPHABETICALLY BY Name 

address   name                          
-------   ----                          
00000305  ADC14_IRQHandler              
00000305  ADC14_IRQHandler              
200003fe  ADC_val_true                  
0000028b  AES256_IRQHandler             
0000028b  BusFault_Handler              
00000411  C$$EXIT                       
0000028b  COMP_E0_IRQHandler            
0000028b  COMP_E1_IRQHandler            
0000028b  CS_IRQHandler                 
0000028b  DMA_ERR_IRQHandler            
0000028b  DMA_INT0_IRQHandler           
0000028b  DMA_INT1_IRQHandler           
0000028b  DMA_INT2_IRQHandler           
0000028b  DMA_INT3_IRQHandler           
0000028b  DebugMon_Handler              
0000028b  Default_Handler               
0000028b  EUSCIA0_IRQHandler            
0000028b  EUSCIA1_IRQHandler            
0000028b  EUSCIA2_IRQHandler            
0000028b  EUSCIA3_IRQHandler            
0000028b  EUSCIB0_IRQHandler            
0000028b  EUSCIB1_IRQHandler            
0000028b  EUSCIB2_IRQHandler            
0000028b  EUSCIB3_IRQHandler            
0000028b  FLCTL_IRQHandler              
0000028b  FPU_IRQHandler                
0000028b  HardFault_Handler             
0000028b  MemManage_Handler             
0000028b  NMI_Handler                   
0000028b  PCM_IRQHandler                
0000028b  PORT1_IRQHandler              
0000028b  PORT2_IRQHandler              
0000028b  PORT3_IRQHandler              
0000028b  PORT4_IRQHandler              
0000028b  PORT5_IRQHandler              
0000028b  PORT6_IRQHandler              
0000028b  PSS_IRQHandler                
0000028b  PendSV_Handler                
0000028b  RTC_C_IRQHandler              
000003f5  Reset_Handler                 
0000028b  SVC_Handler                   
0000028b  SysTick_Handler               
0000028d  SystemInit                    
0000028b  T32_INT1_IRQHandler           
0000028b  T32_INT2_IRQHandler           
0000028b  T32_INTC_IRQHandler           
0000028b  TA0_0_IRQHandler              
0000028b  TA0_N_IRQHandler              
0000028b  TA1_0_IRQHandler              
0000028b  TA1_N_IRQHandler              
0000028b  TA2_0_IRQHandler              
0000028b  TA2_N_IRQHandler              
0000028b  TA3_0_IRQHandler              
0000028b  TA3_N_IRQHandler              
0000028b  UsageFault_Handler            
4000480c  WDTCTL_SYM                    
0000028b  WDT_A_IRQHandler              
20010000  __STACK_END                   
00000200  __STACK_SIZE                  
0000044c  __TI_CINIT_Base               
00000454  __TI_CINIT_Limit              
00000448  __TI_Handler_Table_Base       
0000044c  __TI_Handler_Table_Limit      
00000379  __TI_auto_init_nobinit_nopinit
ffffffff  __TI_pprof_out_hndl           
ffffffff  __TI_prof_data_size           
ffffffff  __TI_prof_data_start          
00000000  __TI_static_base__            
00000401  __TI_zero_init                
00000211  __aeabi_memclr                
00000211  __aeabi_memclr4               
00000211  __aeabi_memclr8               
00000213  __aeabi_memset                
00000213  __aeabi_memset4               
00000213  __aeabi_memset8               
ffffffff  __binit__                     
ffffffff  __c_args__                    
UNDEFED   __mpu_init                    
2000fe00  __stack                       
000003bd  _c_int00_noargs               
UNDEFED   _system_post_cinit            
0000040d  _system_pre_init              
00000411  abort                         
ffffffff  binit                         
0000042c  compareConfig                 
00000000  interruptVectors              
000000e5  main                          
00000219  memset                        
00000414  upModeConfig                  


GLOBAL SYMBOLS: SORTED BY Symbol Address 

address   name                          
-------   ----                          
00000000  __TI_static_base__            
00000000  interruptVectors              
000000e5  main                          
00000200  __STACK_SIZE                  
00000211  __aeabi_memclr                
00000211  __aeabi_memclr4               
00000211  __aeabi_memclr8               
00000213  __aeabi_memset                
00000213  __aeabi_memset4               
00000213  __aeabi_memset8               
00000219  memset                        
0000028b  AES256_IRQHandler             
0000028b  BusFault_Handler              
0000028b  COMP_E0_IRQHandler            
0000028b  COMP_E1_IRQHandler            
0000028b  CS_IRQHandler                 
0000028b  DMA_ERR_IRQHandler            
0000028b  DMA_INT0_IRQHandler           
0000028b  DMA_INT1_IRQHandler           
0000028b  DMA_INT2_IRQHandler           
0000028b  DMA_INT3_IRQHandler           
0000028b  DebugMon_Handler              
0000028b  Default_Handler               
0000028b  EUSCIA0_IRQHandler            
0000028b  EUSCIA1_IRQHandler            
0000028b  EUSCIA2_IRQHandler            
0000028b  EUSCIA3_IRQHandler            
0000028b  EUSCIB0_IRQHandler            
0000028b  EUSCIB1_IRQHandler            
0000028b  EUSCIB2_IRQHandler            
0000028b  EUSCIB3_IRQHandler            
0000028b  FLCTL_IRQHandler              
0000028b  FPU_IRQHandler                
0000028b  HardFault_Handler             
0000028b  MemManage_Handler             
0000028b  NMI_Handler                   
0000028b  PCM_IRQHandler                
0000028b  PORT1_IRQHandler              
0000028b  PORT2_IRQHandler              
0000028b  PORT3_IRQHandler              
0000028b  PORT4_IRQHandler              
0000028b  PORT5_IRQHandler              
0000028b  PORT6_IRQHandler              
0000028b  PSS_IRQHandler                
0000028b  PendSV_Handler                
0000028b  RTC_C_IRQHandler              
0000028b  SVC_Handler                   
0000028b  SysTick_Handler               
0000028b  T32_INT1_IRQHandler           
0000028b  T32_INT2_IRQHandler           
0000028b  T32_INTC_IRQHandler           
0000028b  TA0_0_IRQHandler              
0000028b  TA0_N_IRQHandler              
0000028b  TA1_0_IRQHandler              
0000028b  TA1_N_IRQHandler              
0000028b  TA2_0_IRQHandler              
0000028b  TA2_N_IRQHandler              
0000028b  TA3_0_IRQHandler              
0000028b  TA3_N_IRQHandler              
0000028b  UsageFault_Handler            
0000028b  WDT_A_IRQHandler              
0000028d  SystemInit                    
00000305  ADC14_IRQHandler              
00000305  ADC14_IRQHandler              
00000379  __TI_auto_init_nobinit_nopinit
000003bd  _c_int00_noargs               
000003f5  Reset_Handler                 
00000401  __TI_zero_init                
0000040d  _system_pre_init              
00000411  C$$EXIT                       
00000411  abort                         
00000414  upModeConfig                  
0000042c  compareConfig                 
00000448  __TI_Handler_Table_Base       
0000044c  __TI_CINIT_Base               
0000044c  __TI_Handler_Table_Limit      
00000454  __TI_CINIT_Limit              
200003fe  ADC_val_true                  
2000fe00  __stack                       
20010000  __STACK_END                   
4000480c  WDTCTL_SYM                    
ffffffff  __TI_pprof_out_hndl           
ffffffff  __TI_prof_data_size           
ffffffff  __TI_prof_data_start          
ffffffff  __binit__                     
ffffffff  __c_args__                    
ffffffff  binit                         
UNDEFED   __mpu_init                    
UNDEFED   _system_post_cinit            

[89 symbols]
